*RST
STATus:PRESet
*CLS
wlist:waveform:delete all
wlist:waveform:new "test",3,real
wlist:waveform:delete "test"
QUTEch:OUTPut:SYNCsideband
awgcontrol:run:immediate
*OPC?
awgcontrol:stop:immediate
*OPC?
