*RST
*CLS
STATus:QUEStionable:FREQ:ENABle 32767
QUTech:CCIO0:SEQBARcnt 0
QUTech:CCIO0:SEQBARcnt 31
QUTech:CCIO8:SEQBARcnt 0
QUTech:CCIO8:SEQBARcnt 31
QUTech:CCIO5:VSMbit0:RISEDELAY 0
QUTech:CCIO5:SEQBARcnt 0
QUTech:CCIO5:VSMbit0:RISEDELAY 3
QUTech:CCIO5:SEQBARcnt 0
QUTech:CCIO5:VSMbit0:RISEDELAY 21
QUTech:CCIO5:SEQBARcnt 15
QUTech:CCIO5:VSMbit31:RISEDELAY 0
QUTech:CCIO5:SEQBARcnt 0
QUTech:CCIO5:VSMbit31:RISEDELAY 21
QUTech:CCIO5:SEQBARcnt 15
QUTech:CCIO5:VSMbit0:RISEDELAY 0
QUTech:CCIO5:VSMbit0:RISEDELAY 48
QUTech:CCIO5:VSMbit31:RISEDELAY 0
QUTech:CCIO5:VSMbit31:RISEDELAY 48
QUTech:CCIO5:VSMbit0:FALLDELAY 0
QUTech:CCIO5:VSMbit0:FALLDELAY 48
QUTech:CCIO5:VSMbit31:FALLDELAY 0
QUTech:CCIO5:VSMbit31:FALLDELAY 48
QUTech:DEBUG:CCIO0:MARKER:IN 16
QUTech:DEBUG:CCIO0:MARKER:IN 17
QUTech:DEBUG:CCIO0:MARKER:OUT 16
QUTech:DEBUG:CCIO8:MARKER:OUT 31
QUTech:SEQuence:PROGram:ASSEMble #19    stop

awgcontrol:run:immediate
*OPC?
awgcontrol:stop:immediate
*OPC?
